╭──────────────────────────╮╭──────────────────────────────────────────────────────╮╭──────────────────────────────────╮
│ NAV                      ││ List ‹Board› Roadmap Timeline                        ││ g_ip1 · In progress beta         │
│ VIEWS                    ││ Open    [1]  In Progress .Awaiting  [1]Closed  [1]   ││ ID:         g_ip1                │
│  ◳ Awaiting (1)          ││ ┌───────────┐┌───────────┐┌───────────┐┌───────────┐ ││ Type:       task                 │
│  ◔ My ticks              ││ │g_o1 ○  P1 ││g_ip1 ●  P2││g_aw1 ◐  P3││g_c1 ✓  P4 │ ││ ▸ Status:     ● in_progress      │
│  ⊹ Roadmap               ││ │Open alpha ││In progres.││Awaiting g.││Closed del.│ ││   Priority:   P2                 │
│  ◇ Active                ││ └───────────┘└───────────┘└───────────┘└───────────┘ ││   Owner:      test               │
│  ▤ Backlog               ││                                                      ││   Parent:     (none)             │
│                          ││                                                      ││   Labels:     (none)             │
│                          ││                                                      ││   Target:     (none)             │
│                          ││                                                      ││                                  │
│                          ││                                                      ││                                  │
│                          ││                                                      ││                                  │
│                          ││                                                      ││                                  │
│                          ││                                                      ││                                  │
│                          ││                                                      ││                                  │
│                          ││                                                      ││                                  │
│                          ││                                                      ││                                  │
│                          ││                                                      ││                                  │
│                          ││                                                      ││                                  │
│                          ││                                                      ││                                  │
│                          ││                                                      ││                                  │
│                          ││                                                      ││                                  │
│                          ││                                                      ││                                  │
│                          ││                                                      ││                                  │
│                          ││                                                      ││                                  │
│                          ││                                                      ││                                  │
│                          ││                                                      ││                                  │
│                          ││                                                      ││                                  │
│                          ││                                                      ││                                  │
│                          ││                                                      ││                                  │
│                          ││                                                      ││                                  │
│                          ││                                                      ││                                  │
│                          ││                                                      ││                                  │
│                          ││                                                      ││                                  │
│                          ││                                                      ││                                  │
│                          ││                                                      ││                                  │
│                          ││                                                      ││                                  │
╰──────────────────────────╯╰──────────────────────────────────────────────────────╯╰──────────────────────────────────╯
tab: focus  ·  j/k: move  ·  1: views  ·  ctrl+k: palette  ·  q: quit  [main]