╭──────────────────────────╮╭──────────────────────────────────────────────────────╮╭──────────────────────────────────╮
│ NAV                      ││ ‹List› Board Roadmap Timeline                        ││ a1b · token refresh              │
│ VIEWS                    ││   - ep1  ● P1 Auth revamp                            ││ ID:         a1b                  │
│  ◳ Awaiting              ││ >     a1b  ● P1 token refresh                        ││ Type:       task                 │
│  ◔ My ticks              ││                                                      ││ ▸ Status:     ● in_progress      │
│  ⊹ Roadmap               ││                                                      ││   Priority:   P1                 │
│  ◇ Active                ││                                                      ││   Owner:      alice              │
│  ▤ Backlog               ││                                                      ││   Parent:     ep1                │
│                          ││                                                      ││   Labels:     (none)             │
│ PROJECTS                 ││                                                      ││   Target:     (none)             │
│  ▾ Auth revamp           ││                                                      ││                                  │
│                          ││                                                      ││ updated Status                   │
│                          ││                                                      ││                                  │
│                          ││                                                      ││                                  │
│                          ││                                                      ││                                  │
│                          ││                                                      ││                                  │
│                          ││                                                      ││                                  │
│                          ││                                                      ││                                  │
│                          ││                                                      ││                                  │
│                          ││                                                      ││                                  │
│                          ││                                                      ││                                  │
│                          ││                                                      ││                                  │
│                          ││                                                      ││                                  │
│                          ││                                                      ││                                  │
│                          ││                                                      ││                                  │
│                          ││                                                      ││                                  │
│                          ││                                                      ││                                  │
│                          ││                                                      ││                                  │
│                          ││                                                      ││                                  │
│                          ││                                                      ││                                  │
│                          ││                                                      ││                                  │
│                          ││                                                      ││                                  │
│                          ││                                                      ││                                  │
│                          ││                                                      ││                                  │
│                          ││                                                      ││                                  │
│                          ││                                                      ││                                  │
│                          ││                                                      ││                                  │
│                          ││                                                      ││                                  │
╰──────────────────────────╯╰──────────────────────────────────────────────────────╯╰──────────────────────────────────╯
n/p: field  ·  e: edit  ·  esc: back  ·  ctrl+k: palette  ·  q: quit  [detail]