╭──────────────────────────╮╭──────────────────────────────────────────────────────╮╭──────────────────────────────────╮
│ NAV                      ││ List Roadmap ‹Timeline›                              ││ ok1 · Billing setup (on-track)   │
│ VIEWS                    ││    <TS>    OVERDUE   ov1  ●  P0  Auth revamp . ││ ID:         ok1                  │
│  ◳ Awaiting              ││ >  <TS>    ON TRACK  ok1  ○  P0  Billing setu. ││ Priority:   P0                   │
│  ◔ My ticks              ││    (no date)               ov1c  ○  P0  token refre. ││ Type:       epic                 │
│  ⊹ Roadmap               ││    (no date)               no1  ○  P0  Undated chore ││ Status:     ○ open               │
│  ◇ Active                ││                                                      ││ Owner:      test                 │
│  ▤ Backlog               ││                                                      ││                                  │
│                          ││                                                      ││                                  │
│ PROJECTS                 ││                                                      ││                                  │
│  ▾ Auth revamp (overdue) ││                                                      ││                                  │
│                          ││                                                      ││                                  │
│                          ││                                                      ││                                  │
│                          ││                                                      ││                                  │
│                          ││                                                      ││                                  │
│                          ││                                                      ││                                  │
│                          ││                                                      ││                                  │
│                          ││                                                      ││                                  │
│                          ││                                                      ││                                  │
│                          ││                                                      ││                                  │
│                          ││                                                      ││                                  │
│                          ││                                                      ││                                  │
│                          ││                                                      ││                                  │
│                          ││                                                      ││                                  │
│                          ││                                                      ││                                  │
│                          ││                                                      ││                                  │
│                          ││                                                      ││                                  │
│                          ││                                                      ││                                  │
│                          ││                                                      ││                                  │
│                          ││                                                      ││                                  │
│                          ││                                                      ││                                  │
│                          ││                                                      ││                                  │
│                          ││                                                      ││                                  │
│                          ││                                                      ││                                  │
│                          ││                                                      ││                                  │
│                          ││                                                      ││                                  │
│                          ││                                                      ││                                  │
│                          ││                                                      ││                                  │
╰──────────────────────────╯╰──────────────────────────────────────────────────────╯╰──────────────────────────────────╯
tab: focus  ·  j/k: move  ·  1: views  ·  ctrl+k: palette  ·  q: quit  [main]