╭──────────────────────────╮╭──────────────────────────────────────────────────────╮╭──────────────────────────────────╮
│ NAV                      ││ List ‹Roadmap› Timeline                              ││ ep2 · Billing setup              │
│ VIEWS                    ││ Wave 1                                               ││ ID:         ep2                  │
│  ◳ Awaiting              ││   ● ep1 [1/2] Auth revamp                            ││ Priority:   P0                   │
│  ◔ My ticks              ││ > ○ ep2 [0/0] Billing setup (needs planning)         ││ Type:       epic                 │
│  ⊹ Roadmap               ││                                                      ││ Status:     ○ open               │
│  ◇ Active                ││ Wave 2                                               ││ Owner:                           │
│  ▤ Backlog               ││   ○ ep3 [0/0] OAuth wiring ← blocked by: ep1         ││                                  │
│                          ││                                                      ││                                  │
│ PROJECTS                 ││                                                      ││                                  │
│  ▾ Auth revamp           ││                                                      ││                                  │
│                          ││                                                      ││                                  │
│                          ││                                                      ││                                  │
│                          ││                                                      ││                                  │
│                          ││                                                      ││                                  │
│                          ││                                                      ││                                  │
│                          ││                                                      ││                                  │
│                          ││                                                      ││                                  │
│                          ││                                                      ││                                  │
│                          ││                                                      ││                                  │
│                          ││                                                      ││                                  │
│                          ││                                                      ││                                  │
│                          ││                                                      ││                                  │
│                          ││                                                      ││                                  │
│                          ││                                                      ││                                  │
│                          ││                                                      ││                                  │
│                          ││                                                      ││                                  │
│                          ││                                                      ││                                  │
│                          ││                                                      ││                                  │
│                          ││                                                      ││                                  │
│                          ││                                                      ││                                  │
│                          ││                                                      ││                                  │
│                          ││                                                      ││                                  │
│                          ││                                                      ││                                  │
│                          ││                                                      ││                                  │
│                          ││                                                      ││                                  │
│                          ││                                                      ││                                  │
│                          ││                                                      ││                                  │
╰──────────────────────────╯╰──────────────────────────────────────────────────────╯╰──────────────────────────────────╯
tab: focus  ·  j/k: move  ·  1: views  ·  ctrl+k: palette  ·  q: quit  [main]