╭──────────────────────────╮╭──────────────────────────────────────────────────────╮╭──────────────────────────────────╮
│ NAV                      ││ ‹List› Roadmap                                       ││ a1b · token refresh              │
│ VIEWS                    ││   - ep1  ● P1 Auth revamp                            ││ ID:         a1b                  │
│  ◳ Awaiting              ││ >     a1b  ● P1 token refresh                        ││ Priority:   P1                   │
│  ◔ My ticks              ││       x9k  ○ P2 login UI polish                      ││ Type:       task                 │
│  ⊹ Roadmap               ││                                                      ││ Status:     ● in_progress        │
│  ◇ Active                ││                                                      ││ Owner:                           │
│  ▤ Backlog               ││                                                      ││ Parent:     ep1                  │
│                          ││                                                      ││                                  │
│ PROJECTS                 ││                                                      ││                                  │
│  ▾ Auth revamp           ││                                                      ││                                  │
│                          ││                                                      ││                                  │
│                          ││                                                      ││                                  │
│                          ││                                                      ││                                  │
│                          ││                                                      ││                                  │
│                          ││                                                      ││                                  │
│                          ││                                                      ││                                  │
│                          ││                                                      ││                                  │
│                          ││                                                      ││                                  │
│                          ││                                                      ││                                  │
│                          ││                                                      ││                                  │
│                          ││                                                      ││                                  │
│                          ││                                                      ││                                  │
│                          ││                                                      ││                                  │
│                          ││                                                      ││                                  │
│                          ││                                                      ││                                  │
│                          ││                                                      ││                                  │
│                          ││                                                      ││                                  │
│                          ││                                                      ││                                  │
│                          ││                                                      ││                                  │
│                          ││                                                      ││                                  │
│                          ││                                                      ││                                  │
│                          ││                                                      ││                                  │
│                          ││                                                      ││                                  │
│                          ││                                                      ││                                  │
│                          ││                                                      ││                                  │
│                          ││                                                      ││                                  │
│                          ││                                                      ││                                  │
╰──────────────────────────╯╰──────────────────────────────────────────────────────╯╰──────────────────────────────────╯
tab: focus  ·  j/k: move  ·  1: views  ·  ctrl+k: palette  ·  q: quit  [main]