╭──────────────────────────╮╭──────────────────────────────────────────────────────╮╭──────────────────────────────────╮
│ NAV                      ││ ╭──────────────────────────────────────────────────────────╮· Auth revamp                │
│ VIEWS                    ││ │ > a1█                                                    │        ep1                  │
│  ◳ Awaiting              ││ │ ──────────────────────────────────────────────────────── │:       epic                 │
│  ◔ My ticks              ││ │ ──                                                       │atus:     ● in_progress      │
│  ⊹ Roadmap               ││ │   a1b  token refresh                                     │iority:   P1                 │
│  ◇ Active                ││ ╰──────────────────────────────────────────────────────────╯ner:                         │
│  ▤ Backlog               ││                                                      ││   Parent:     (none)             │
│                          ││                                                      ││   Labels:     (none)             │
│ PROJECTS                 ││                                                      ││   Target:     (none)             │
│  ▾ Auth revamp           ││                                                      ││                                  │
│                          ││                                                      ││                                  │
│                          ││                                                      ││                                  │
│                          ││                                                      ││                                  │
│                          ││                                                      ││                                  │
│                          ││                                                      ││                                  │
│                          ││                                                      ││                                  │
│                          ││                                                      ││                                  │
│                          ││                                                      ││                                  │
│                          ││                                                      ││                                  │
│                          ││                                                      ││                                  │
│                          ││                                                      ││                                  │
│                          ││                                                      ││                                  │
│                          ││                                                      ││                                  │
│                          ││                                                      ││                                  │
│                          ││                                                      ││                                  │
│                          ││                                                      ││                                  │
│                          ││                                                      ││                                  │
│                          ││                                                      ││                                  │
│                          ││                                                      ││                                  │
│                          ││                                                      ││                                  │
│                          ││                                                      ││                                  │
│                          ││                                                      ││                                  │
│                          ││                                                      ││                                  │
│                          ││                                                      ││                                  │
│                          ││                                                      ││                                  │
│                          ││                                                      ││                                  │
│                          ││                                                      ││                                  │
╰──────────────────────────╯╰──────────────────────────────────────────────────────╯╰──────────────────────────────────╯
tab: focus  ·  j/k: move  ·  1: views  ·  ctrl+k: palette  ·  q: quit  [palette]                                        