╭──────────────────────────╮╭──────────────────────────────────────────────────────╮╭──────────────────────────────────╮
│ NAV                      ││ List Board ‹Roadmap› Timeline                        ││ ep2 · Billing setup              │
│ VIEWS                    ││ Wave 1                                               ││ ID:         ep2                  │
│  ◳ Awaiting              ││   ● ep1 [1/2] Auth revamp                            ││ Type:       epic                 │
│  ◔ My ticks              ││ > ○ ep2 [0/0] Billing setup (needs planning)         ││ ▸ Status:     ○ open             │
│  ⊹ Roadmap               ││                                                      ││   Priority:   P0                 │
│  ◇ Active                ││ Wave 2                                               ││   Owner:                         │
│  ▤ Backlog               ││   ○ ep3 [0/0] OAuth wiring ← blocked by: ep1         ││   Parent:     (none)             │
│                          ││                                                      ││   Labels:     (none)             │
│ PROJECTS                 ││                                                      ││   Target:     (none)             │
│  ▾ Auth revamp           ││                                                      ││                                  │
│                          ││                                                      ││                                  │
│                          ││                                                      ││                                  │
│                          ││                                                      ││                                  │
│                          ││                                                      ││                                  │
│                          ││                                                      ││                                  │
│                          ││                                                      ││                                  │
│                          ││                                                      ││                                  │
│                          ││                                                      ││                                  │
│                          ││                                                      ││                                  │
│                          ││                                                      ││                                  │
│                          ││                                                      ││                                  │
│                          ││                                                      ││                                  │
│                          ││                                                      ││                                  │
│                          ││                                                      ││                                  │
│                          ││                                                      ││                                  │
│                          ││                                                      ││                                  │
│                          ││                                                      ││                                  │
│                          ││                                                      ││                                  │
│                          ││                                                      ││                                  │
│                          ││                                                      ││                                  │
│                          ││                                                      ││                                  │
│                          ││                                                      ││                                  │
│                          ││                                                      ││                                  │
│                          ││                                                      ││                                  │
│                          ││                                                      ││                                  │
│                          ││                                                      ││                                  │
│                          ││                                                      ││                                  │
╰──────────────────────────╯╰──────────────────────────────────────────────────────╯╰──────────────────────────────────╯
tab: focus  ·  j/k: move  ·  1: views  ·  ctrl+k: palette  ·  q: quit  [main]